Archive member included to satisfy reference by file (symbol)

c:/users/rbj22/.platformio/packages/toolchain-gccarmnoneeabi@1.70201.0/bin/../lib/gcc/arm-none-eabi/7.2.1/../../../../arm-none-eabi/lib/thumb/v7e-m\libc_nano.a(lib_a-exit.o)
                              c:/users/rbj22/.platformio/packages/toolchain-gccarmnoneeabi@1.70201.0/bin/../lib/gcc/arm-none-eabi/7.2.1/../../../../arm-none-eabi/lib/thumb/v7e-m/crt0.o (exit)
c:/users/rbj22/.platformio/packages/toolchain-gccarmnoneeabi@1.70201.0/bin/../lib/gcc/arm-none-eabi/7.2.1/../../../../arm-none-eabi/lib/thumb/v7e-m\libc_nano.a(lib_a-impure.o)
                              c:/users/rbj22/.platformio/packages/toolchain-gccarmnoneeabi@1.70201.0/bin/../lib/gcc/arm-none-eabi/7.2.1/../../../../arm-none-eabi/lib/thumb/v7e-m\libc_nano.a(lib_a-exit.o) (_global_impure_ptr)
c:/users/rbj22/.platformio/packages/toolchain-gccarmnoneeabi@1.70201.0/bin/../lib/gcc/arm-none-eabi/7.2.1/../../../../arm-none-eabi/lib/thumb/v7e-m\libc_nano.a(lib_a-init.o)
                              c:/users/rbj22/.platformio/packages/toolchain-gccarmnoneeabi@1.70201.0/bin/../lib/gcc/arm-none-eabi/7.2.1/../../../../arm-none-eabi/lib/thumb/v7e-m/crt0.o (__libc_init_array)
c:/users/rbj22/.platformio/packages/toolchain-gccarmnoneeabi@1.70201.0/bin/../lib/gcc/arm-none-eabi/7.2.1/../../../../arm-none-eabi/lib/thumb/v7e-m\libc_nano.a(lib_a-memset.o)
                              c:/users/rbj22/.platformio/packages/toolchain-gccarmnoneeabi@1.70201.0/bin/../lib/gcc/arm-none-eabi/7.2.1/../../../../arm-none-eabi/lib/thumb/v7e-m/crt0.o (memset)
c:/users/rbj22/.platformio/packages/toolchain-gccarmnoneeabi@1.70201.0/bin/../lib/gcc/arm-none-eabi/7.2.1/thumb/v7e-m\libgcc.a(_aeabi_ldivmod.o)
                              .pio/build/nucleo_l432kc/FrameworkHALDriver/Src/stm32l4xx_hal_uart.o (__aeabi_ldivmod)
c:/users/rbj22/.platformio/packages/toolchain-gccarmnoneeabi@1.70201.0/bin/../lib/gcc/arm-none-eabi/7.2.1/thumb/v7e-m\libgcc.a(_aeabi_uldivmod.o)
                              .pio/build/nucleo_l432kc/FrameworkHALDriver/Src/stm32l4xx_hal_uart.o (__aeabi_uldivmod)
c:/users/rbj22/.platformio/packages/toolchain-gccarmnoneeabi@1.70201.0/bin/../lib/gcc/arm-none-eabi/7.2.1/thumb/v7e-m\libgcc.a(_udivmoddi4.o)
                              c:/users/rbj22/.platformio/packages/toolchain-gccarmnoneeabi@1.70201.0/bin/../lib/gcc/arm-none-eabi/7.2.1/thumb/v7e-m\libgcc.a(_aeabi_ldivmod.o) (__udivmoddi4)
c:/users/rbj22/.platformio/packages/toolchain-gccarmnoneeabi@1.70201.0/bin/../lib/gcc/arm-none-eabi/7.2.1/thumb/v7e-m\libgcc.a(_dvmd_tls.o)
                              c:/users/rbj22/.platformio/packages/toolchain-gccarmnoneeabi@1.70201.0/bin/../lib/gcc/arm-none-eabi/7.2.1/thumb/v7e-m\libgcc.a(_aeabi_ldivmod.o) (__aeabi_ldiv0)
c:/users/rbj22/.platformio/packages/toolchain-gccarmnoneeabi@1.70201.0/bin/../lib/gcc/arm-none-eabi/7.2.1/../../../../arm-none-eabi/lib/thumb/v7e-m\libnosys.a(_exit.o)
                              c:/users/rbj22/.platformio/packages/toolchain-gccarmnoneeabi@1.70201.0/bin/../lib/gcc/arm-none-eabi/7.2.1/../../../../arm-none-eabi/lib/thumb/v7e-m\libc_nano.a(lib_a-exit.o) (_exit)
.pio/build/nucleo_l432kc/libFrameworkCMSISDevice.a(startup_stm32l432xx.o)
                              (Reset_Handler)
.pio/build/nucleo_l432kc/libFrameworkCMSISDevice.a(system_stm32l4xx.o)
                              .pio/build/nucleo_l432kc/libFrameworkCMSISDevice.a(startup_stm32l432xx.o) (SystemInit)

Allocating common symbols
Common symbol       size              file

uwTick              0x4               .pio/build/nucleo_l432kc/FrameworkHALDriver/Src/stm32l4xx_hal.o

Discarded input sections

 .text          0x00000000        0x0 c:/users/rbj22/.platformio/packages/toolchain-gccarmnoneeabi@1.70201.0/bin/../lib/gcc/arm-none-eabi/7.2.1/thumb/v7e-m/crti.o
 .data          0x00000000        0x0 c:/users/rbj22/.platformio/packages/toolchain-gccarmnoneeabi@1.70201.0/bin/../lib/gcc/arm-none-eabi/7.2.1/thumb/v7e-m/crti.o
 .bss           0x00000000        0x0 c:/users/rbj22/.platformio/packages/toolchain-gccarmnoneeabi@1.70201.0/bin/../lib/gcc/arm-none-eabi/7.2.1/thumb/v7e-m/crti.o
 .data          0x00000000        0x4 c:/users/rbj22/.platformio/packages/toolchain-gccarmnoneeabi@1.70201.0/bin/../lib/gcc/arm-none-eabi/7.2.1/thumb/v7e-m/crtbegin.o
 .text          0x00000000       0x74 c:/users/rbj22/.platformio/packages/toolchain-gccarmnoneeabi@1.70201.0/bin/../lib/gcc/arm-none-eabi/7.2.1/../../../../arm-none-eabi/lib/thumb/v7e-m/crt0.o
 .data          0x00000000        0x0 c:/users/rbj22/.platformio/packages/toolchain-gccarmnoneeabi@1.70201.0/bin/../lib/gcc/arm-none-eabi/7.2.1/../../../../arm-none-eabi/lib/thumb/v7e-m/crt0.o
 .bss           0x00000000        0x0 c:/users/rbj22/.platformio/packages/toolchain-gccarmnoneeabi@1.70201.0/bin/../lib/gcc/arm-none-eabi/7.2.1/../../../../arm-none-eabi/lib/thumb/v7e-m/crt0.o
[...]
Memory Configuration

Name             Origin             Length             Attributes
RAM              0x20000000         0x0000c000         xrw
RAM2             0x10000000         0x00004000         xrw
FLASH            0x08000000         0x00040000         xr
*default*        0x00000000         0xffffffff

Linker script and memory map

LOAD c:/users/rbj22/.platformio/packages/toolchain-gccarmnoneeabi@1.70201.0/bin/../lib/gcc/arm-none-eabi/7.2.1/thumb/v7e-m/crti.o
LOAD c:/users/rbj22/.platformio/packages/toolchain-gccarmnoneeabi@1.70201.0/bin/../lib/gcc/arm-none-eabi/7.2.1/thumb/v7e-m/crtbegin.o
LOAD c:/users/rbj22/.platformio/packages/toolchain-gccarmnoneeabi@1.70201.0/bin/../lib/gcc/arm-none-eabi/7.2.1/../../../../arm-none-eabi/lib/thumb/v7e-m/crt0.o
LOAD .pio/build/nucleo_l432kc/FrameworkHALDriver/Src/stm32l4xx_hal.o
LOAD .pio/build/nucleo_l432kc/FrameworkHALDriver/Src/stm32l4xx_hal_adc.o
LOAD .pio/build/nucleo_l432kc/FrameworkHALDriver/Src/stm32l4xx_hal_adc_ex.o
LOAD .pio/build/nucleo_l432kc/FrameworkHALDriver/Src/stm32l4xx_hal_can.o
LOAD .pio/build/nucleo_l432kc/FrameworkHALDriver/Src/stm32l4xx_hal_comp.o
LOAD .pio/build/nucleo_l432kc/FrameworkHALDriver/Src/stm32l4xx_hal_cortex.o
LOAD .pio/build/nucleo_l432kc/FrameworkHALDriver/Src/stm32l4xx_hal_crc.o
LOAD .pio/build/nucleo_l432kc/FrameworkHALDriver/Src/stm32l4xx_hal_crc_ex.o
LOAD .pio/build/nucleo_l432kc/FrameworkHALDriver/Src/stm32l4xx_hal_cryp.o
LOAD .pio/build/nucleo_l432kc/FrameworkHALDriver/Src/stm32l4xx_hal_cryp_ex.o
LOAD .pio/build/nucleo_l432kc/FrameworkHALDriver/Src/stm32l4xx_hal_dac.o
LOAD .pio/build/nucleo_l432kc/FrameworkHALDriver/Src/stm32l4xx_hal_dac_ex.o
LOAD .pio/build/nucleo_l432kc/FrameworkHALDriver/Src/stm32l4xx_hal_dcmi.o
LOAD .pio/build/nucleo_l432kc/FrameworkHALDriver/Src/stm32l4xx_hal_dfsdm.o
LOAD .pio/build/nucleo_l432kc/FrameworkHALDriver/Src/stm32l4xx_hal_dfsdm_ex.o
LOAD .pio/build/nucleo_l432kc/FrameworkHALDriver/Src/stm32l4xx_hal_dma.o
LOAD .pio/build/nucleo_l432kc/FrameworkHALDriver/Src/stm32l4xx_hal_dma2d.o
LOAD .pio/build/nucleo_l432kc/FrameworkHALDriver/Src/stm32l4xx_hal_dma_ex.o
LOAD .pio/build/nucleo_l432kc/FrameworkHALDriver/Src/stm32l4xx_hal_dsi.o
LOAD .pio/build/nucleo_l432kc/FrameworkHALDriver/Src/stm32l4xx_hal_exti.o
LOAD .pio/build/nucleo_l432kc/FrameworkHALDriver/Src/stm32l4xx_hal_firewall.o
LOAD .pio/build/nucleo_l432kc/FrameworkHALDriver/Src/stm32l4xx_hal_flash.o
LOAD .pio/build/nucleo_l432kc/FrameworkHALDriver/Src/stm32l4xx_hal_flash_ex.o
LOAD .pio/build/nucleo_l432kc/FrameworkHALDriver/Src/stm32l4xx_hal_flash_ramfunc.o
LOAD .pio/build/nucleo_l432kc/FrameworkHALDriver/Src/stm32l4xx_hal_gfxmmu.o
LOAD .pio/build/nucleo_l432kc/FrameworkHALDriver/Src/stm32l4xx_hal_gpio.o
LOAD .pio/build/nucleo_l432kc/FrameworkHALDriver/Src/stm32l4xx_hal_hash.o
LOAD .pio/build/nucleo_l432kc/FrameworkHALDriver/Src/stm32l4xx_hal_hash_ex.o
LOAD .pio/build/nucleo_l432kc/FrameworkHALDriver/Src/stm32l4xx_hal_hcd.o
LOAD .pio/build/nucleo_l432kc/FrameworkHALDriver/Src/stm32l4xx_hal_i2c.o
LOAD .pio/build/nucleo_l432kc/FrameworkHALDriver/Src/stm32l4xx_hal_i2c_ex.o
LOAD .pio/build/nucleo_l432kc/FrameworkHALDriver/Src/stm32l4xx_hal_irda.o
LOAD .pio/build/nucleo_l432kc/FrameworkHALDriver/Src/stm32l4xx_hal_iwdg.o
LOAD .pio/build/nucleo_l432kc/FrameworkHALDriver/Src/stm32l4xx_hal_lcd.o
LOAD .pio/build/nucleo_l432kc/FrameworkHALDriver/Src/stm32l4xx_hal_lptim.o
LOAD .pio/build/nucleo_l432kc/FrameworkHALDriver/Src/stm32l4xx_hal_ltdc.o
LOAD .pio/build/nucleo_l432kc/FrameworkHALDriver/Src/stm32l4xx_hal_ltdc_ex.o
LOAD .pio/build/nucleo_l432kc/FrameworkHALDriver/Src/stm32l4xx_hal_mmc.o
LOAD .pio/build/nucleo_l432kc/FrameworkHALDriver/Src/stm32l4xx_hal_mmc_ex.o
LOAD .pio/build/nucleo_l432kc/FrameworkHALDriver/Src/stm32l4xx_hal_nand.o
LOAD .pio/build/nucleo_l432kc/FrameworkHALDriver/Src/stm32l4xx_hal_nor.o
LOAD .pio/build/nucleo_l432kc/FrameworkHALDriver/Src/stm32l4xx_hal_opamp.o
LOAD .pio/build/nucleo_l432kc/FrameworkHALDriver/Src/stm32l4xx_hal_opamp_ex.o
LOAD .pio/build/nucleo_l432kc/FrameworkHALDriver/Src/stm32l4xx_hal_ospi.o
LOAD .pio/build/nucleo_l432kc/FrameworkHALDriver/Src/stm32l4xx_hal_pcd.o
LOAD .pio/build/nucleo_l432kc/FrameworkHALDriver/Src/stm32l4xx_hal_pcd_ex.o
LOAD .pio/build/nucleo_l432kc/FrameworkHALDriver/Src/stm32l4xx_hal_pka.o
LOAD .pio/build/nucleo_l432kc/FrameworkHALDriver/Src/stm32l4xx_hal_pssi.o
LOAD .pio/build/nucleo_l432kc/FrameworkHALDriver/Src/stm32l4xx_hal_pwr.o
LOAD .pio/build/nucleo_l432kc/FrameworkHALDriver/Src/stm32l4xx_hal_pwr_ex.o
LOAD .pio/build/nucleo_l432kc/FrameworkHALDriver/Src/stm32l4xx_hal_qspi.o
LOAD .pio/build/nucleo_l432kc/FrameworkHALDriver/Src/stm32l4xx_hal_rcc.o
LOAD .pio/build/nucleo_l432kc/FrameworkHALDriver/Src/stm32l4xx_hal_rcc_ex.o
LOAD .pio/build/nucleo_l432kc/FrameworkHALDriver/Src/stm32l4xx_hal_rng.o
LOAD .pio/build/nucleo_l432kc/FrameworkHALDriver/Src/stm32l4xx_hal_rng_ex.o
LOAD .pio/build/nucleo_l432kc/FrameworkHALDriver/Src/stm32l4xx_hal_rtc.o
LOAD .pio/build/nucleo_l432kc/FrameworkHALDriver/Src/stm32l4xx_hal_rtc_ex.o
LOAD .pio/build/nucleo_l432kc/FrameworkHALDriver/Src/stm32l4xx_hal_sai.o
LOAD .pio/build/nucleo_l432kc/FrameworkHALDriver/Src/stm32l4xx_hal_sai_ex.o
LOAD .pio/build/nucleo_l432kc/FrameworkHALDriver/Src/stm32l4xx_hal_sd.o
LOAD .pio/build/nucleo_l432kc/FrameworkHALDriver/Src/stm32l4xx_hal_sd_ex.o
LOAD .pio/build/nucleo_l432kc/FrameworkHALDriver/Src/stm32l4xx_hal_smartcard.o
LOAD .pio/build/nucleo_l432kc/FrameworkHALDriver/Src/stm32l4xx_hal_smartcard_ex.o
LOAD .pio/build/nucleo_l432kc/FrameworkHALDriver/Src/stm32l4xx_hal_smbus.o
LOAD .pio/build/nucleo_l432kc/FrameworkHALDriver/Src/stm32l4xx_hal_smbus_ex.o
LOAD .pio/build/nucleo_l432kc/FrameworkHALDriver/Src/stm32l4xx_hal_spi.o
LOAD .pio/build/nucleo_l432kc/FrameworkHALDriver/Src/stm32l4xx_hal_spi_ex.o
LOAD .pio/build/nucleo_l432kc/FrameworkHALDriver/Src/stm32l4xx_hal_sram.o
LOAD .pio/build/nucleo_l432kc/FrameworkHALDriver/Src/stm32l4xx_hal_swpmi.o
LOAD .pio/build/nucleo_l432kc/FrameworkHALDriver/Src/stm32l4xx_hal_tim.o
LOAD .pio/build/nucleo_l432kc/FrameworkHALDriver/Src/stm32l4xx_hal_tim_ex.o
LOAD .pio/build/nucleo_l432kc/FrameworkHALDriver/Src/stm32l4xx_hal_tsc.o
LOAD .pio/build/nucleo_l432kc/FrameworkHALDriver/Src/stm32l4xx_hal_uart.o
LOAD .pio/build/nucleo_l432kc/FrameworkHALDriver/Src/stm32l4xx_hal_uart_ex.o
LOAD .pio/build/nucleo_l432kc/FrameworkHALDriver/Src/stm32l4xx_hal_usart.o
LOAD .pio/build/nucleo_l432kc/FrameworkHALDriver/Src/stm32l4xx_hal_usart_ex.o
LOAD .pio/build/nucleo_l432kc/FrameworkHALDriver/Src/stm32l4xx_hal_wwdg.o
LOAD .pio/build/nucleo_l432kc/FrameworkHALDriver/Src/stm32l4xx_ll_adc.o
LOAD .pio/build/nucleo_l432kc/FrameworkHALDriver/Src/stm32l4xx_ll_comp.o
LOAD .pio/build/nucleo_l432kc/FrameworkHALDriver/Src/stm32l4xx_ll_crc.o
LOAD .pio/build/nucleo_l432kc/FrameworkHALDriver/Src/stm32l4xx_ll_crs.o
LOAD .pio/build/nucleo_l432kc/FrameworkHALDriver/Src/stm32l4xx_ll_dac.o
LOAD .pio/build/nucleo_l432kc/FrameworkHALDriver/Src/stm32l4xx_ll_dma.o
LOAD .pio/build/nucleo_l432kc/FrameworkHALDriver/Src/stm32l4xx_ll_dma2d.o
LOAD .pio/build/nucleo_l432kc/FrameworkHALDriver/Src/stm32l4xx_ll_exti.o
LOAD .pio/build/nucleo_l432kc/FrameworkHALDriver/Src/stm32l4xx_ll_fmc.o
LOAD .pio/build/nucleo_l432kc/FrameworkHALDriver/Src/stm32l4xx_ll_gpio.o
LOAD .pio/build/nucleo_l432kc/FrameworkHALDriver/Src/stm32l4xx_ll_i2c.o
LOAD .pio/build/nucleo_l432kc/FrameworkHALDriver/Src/stm32l4xx_ll_lptim.o
LOAD .pio/build/nucleo_l432kc/FrameworkHALDriver/Src/stm32l4xx_ll_lpuart.o
LOAD .pio/build/nucleo_l432kc/FrameworkHALDriver/Src/stm32l4xx_ll_opamp.o
LOAD .pio/build/nucleo_l432kc/FrameworkHALDriver/Src/stm32l4xx_ll_pka.o
LOAD .pio/build/nucleo_l432kc/FrameworkHALDriver/Src/stm32l4xx_ll_pwr.o
LOAD .pio/build/nucleo_l432kc/FrameworkHALDriver/Src/stm32l4xx_ll_rcc.o
LOAD .pio/build/nucleo_l432kc/FrameworkHALDriver/Src/stm32l4xx_ll_rng.o
LOAD .pio/build/nucleo_l432kc/FrameworkHALDriver/Src/stm32l4xx_ll_rtc.o
LOAD .pio/build/nucleo_l432kc/FrameworkHALDriver/Src/stm32l4xx_ll_sdmmc.o
LOAD .pio/build/nucleo_l432kc/FrameworkHALDriver/Src/stm32l4xx_ll_spi.o
LOAD .pio/build/nucleo_l432kc/FrameworkHALDriver/Src/stm32l4xx_ll_swpmi.o
LOAD .pio/build/nucleo_l432kc/FrameworkHALDriver/Src/stm32l4xx_ll_tim.o
LOAD .pio/build/nucleo_l432kc/FrameworkHALDriver/Src/stm32l4xx_ll_usart.o
LOAD .pio/build/nucleo_l432kc/FrameworkHALDriver/Src/stm32l4xx_ll_usb.o
LOAD .pio/build/nucleo_l432kc/FrameworkHALDriver/Src/stm32l4xx_ll_utils.o
LOAD .pio/build/nucleo_l432kc/src/main.o
START GROUP
LOAD c:/users/rbj22/.platformio/packages/toolchain-gccarmnoneeabi@1.70201.0/bin/../lib/gcc/arm-none-eabi/7.2.1/../../../../arm-none-eabi/lib/thumb/v7e-m\libc_nano.a
LOAD c:/users/rbj22/.platformio/packages/toolchain-gccarmnoneeabi@1.70201.0/bin/../lib/gcc/arm-none-eabi/7.2.1/thumb/v7e-m\libgcc.a
LOAD c:/users/rbj22/.platformio/packages/toolchain-gccarmnoneeabi@1.70201.0/bin/../lib/gcc/arm-none-eabi/7.2.1/../../../../arm-none-eabi/lib/thumb/v7e-m\libm.a
LOAD c:/users/rbj22/.platformio/packages/toolchain-gccarmnoneeabi@1.70201.0/bin/../lib/gcc/arm-none-eabi/7.2.1/../../../../arm-none-eabi/lib/thumb/v7e-m\libstdc++_nano.a
LOAD c:/users/rbj22/.platformio/packages/toolchain-gccarmnoneeabi@1.70201.0/bin/../lib/gcc/arm-none-eabi/7.2.1/../../../../arm-none-eabi/lib/thumb/v7e-m\libnosys.a
LOAD .pio/build/nucleo_l432kc/libFrameworkCMSISDevice.a
END GROUP
START GROUP
LOAD c:/users/rbj22/.platformio/packages/toolchain-gccarmnoneeabi@1.70201.0/bin/../lib/gcc/arm-none-eabi/7.2.1/thumb/v7e-m\libgcc.a
LOAD c:/users/rbj22/.platformio/packages/toolchain-gccarmnoneeabi@1.70201.0/bin/../lib/gcc/arm-none-eabi/7.2.1/../../../../arm-none-eabi/lib/thumb/v7e-m\libc_nano.a
END GROUP
START GROUP
LOAD c:/users/rbj22/.platformio/packages/toolchain-gccarmnoneeabi@1.70201.0/bin/../lib/gcc/arm-none-eabi/7.2.1/thumb/v7e-m\libgcc.a
LOAD c:/users/rbj22/.platformio/packages/toolchain-gccarmnoneeabi@1.70201.0/bin/../lib/gcc/arm-none-eabi/7.2.1/../../../../arm-none-eabi/lib/thumb/v7e-m\libc_nano.a
LOAD c:/users/rbj22/.platformio/packages/toolchain-gccarmnoneeabi@1.70201.0/bin/../lib/gcc/arm-none-eabi/7.2.1/../../../../arm-none-eabi/lib/thumb/v7e-m\libnosys.a
END GROUP
START GROUP
LOAD c:/users/rbj22/.platformio/packages/toolchain-gccarmnoneeabi@1.70201.0/bin/../lib/gcc/arm-none-eabi/7.2.1/thumb/v7e-m\libgcc.a
LOAD c:/users/rbj22/.platformio/packages/toolchain-gccarmnoneeabi@1.70201.0/bin/../lib/gcc/arm-none-eabi/7.2.1/../../../../arm-none-eabi/lib/thumb/v7e-m\libc_nano.a
LOAD c:/users/rbj22/.platformio/packages/toolchain-gccarmnoneeabi@1.70201.0/bin/../lib/gcc/arm-none-eabi/7.2.1/../../../../arm-none-eabi/lib/thumb/v7e-m\libnosys.a
END GROUP
LOAD c:/users/rbj22/.platformio/packages/toolchain-gccarmnoneeabi@1.70201.0/bin/../lib/gcc/arm-none-eabi/7.2.1/thumb/v7e-m/crtend.o
LOAD c:/users/rbj22/.platformio/packages/toolchain-gccarmnoneeabi@1.70201.0/bin/../lib/gcc/arm-none-eabi/7.2.1/thumb/v7e-m/crtn.o
                0x2000c000                _estack = (ORIGIN (RAM) + LENGTH (RAM))
                0x00000200                _Min_Heap_Size = 0x200
                0x00000400                _Min_Stack_Size = 0x400

.isr_vector     0x08000000      0x18c
                0x08000000                . = ALIGN (0x4)
 *(.isr_vector)
 .isr_vector    0x08000000      0x18c .pio/build/nucleo_l432kc/libFrameworkCMSISDevice.a(startup_stm32l432xx.o)
                0x08000000                g_pfnVectors
                0x0800018c                . = ALIGN (0x4)

.text           0x0800018c       0xf4
                0x0800018c                . = ALIGN (0x4)
 *(.text)
 .text          0x0800018c       0x40 c:/users/rbj22/.platformio/packages/toolchain-gccarmnoneeabi@1.70201.0/bin/../lib/gcc/arm-none-eabi/7.2.1/thumb/v7e-m/crtbegin.o
 *(.text*)
 .text.__libc_init_array
                0x080001cc       0x48 c:/users/rbj22/.platformio/packages/toolchain-gccarmnoneeabi@1.70201.0/bin/../lib/gcc/arm-none-eabi/7.2.1/../../../../arm-none-eabi/lib/thumb/v7e-m\libc_nano.a(lib_a-init.o)
                0x080001cc                __libc_init_array
 .text.Reset_Handler
                0x08000214       0x50 .pio/build/nucleo_l432kc/libFrameworkCMSISDevice.a(startup_stm32l432xx.o)
                0x08000214                Reset_Handler
 .text.Default_Handler
                0x08000264        0x2 .pio/build/nucleo_l432kc/libFrameworkCMSISDevice.a(startup_stm32l432xx.o)
                0x08000264                RTC_Alarm_IRQHandler
                0x08000264                EXTI2_IRQHandler
                0x08000264                DebugMon_Handler
                0x08000264                TIM1_CC_IRQHandler
                0x08000264                TSC_IRQHandler
                0x08000264                HardFault_Handler
                0x08000264                SysTick_Handler
                0x08000264                TAMP_STAMP_IRQHandler
                0x08000264                PendSV_Handler
                0x08000264                NMI_Handler
                0x08000264                EXTI3_IRQHandler
                0x08000264                LPTIM2_IRQHandler
                0x08000264                I2C3_ER_IRQHandler
                0x08000264                EXTI0_IRQHandler
                0x08000264                CAN1_RX0_IRQHandler
                0x08000264                FPU_IRQHandler
                0x08000264                TIM1_UP_TIM16_IRQHandler
                0x08000264                UsageFault_Handler
                0x08000264                SPI1_IRQHandler
                0x08000264                TIM6_DAC_IRQHandler
                0x08000264                DMA2_Channel2_IRQHandler
                0x08000264                DMA1_Channel4_IRQHandler
                0x08000264                ADC1_IRQHandler
                0x08000264                DMA1_Channel7_IRQHandler
                0x08000264                CAN1_RX1_IRQHandler
                0x08000264                DMA2_Channel1_IRQHandler
                0x08000264                QUADSPI_IRQHandler
                0x08000264                I2C1_EV_IRQHandler
                0x08000264                DMA1_Channel6_IRQHandler
                0x08000264                DMA2_Channel4_IRQHandler
                0x08000264                RCC_IRQHandler
                0x08000264                TIM1_TRG_COM_IRQHandler
                0x08000264                DMA1_Channel1_IRQHandler
                0x08000264                Default_Handler
                0x08000264                DMA2_Channel7_IRQHandler
                0x08000264                EXTI15_10_IRQHandler
                0x08000264                TIM7_IRQHandler
                0x08000264                I2C3_EV_IRQHandler
                0x08000264                USB_IRQHandler
                0x08000264                EXTI9_5_IRQHandler
                0x08000264                RTC_WKUP_IRQHandler
                0x08000264                PVD_PVM_IRQHandler
                0x08000264                MemManage_Handler
                0x08000264                CAN1_TX_IRQHandler
                0x08000264                SVC_Handler
                0x08000264                DMA2_Channel5_IRQHandler
                0x08000264                CRS_IRQHandler
                0x08000264                DMA1_Channel5_IRQHandler
                0x08000264                EXTI4_IRQHandler
                0x08000264                RNG_IRQHandler
                0x08000264                DMA1_Channel3_IRQHandler
                0x08000264                COMP_IRQHandler
                0x08000264                WWDG_IRQHandler
                0x08000264                LPUART1_IRQHandler
                0x08000264                DMA2_Channel6_IRQHandler
                0x08000264                TIM2_IRQHandler
                0x08000264                EXTI1_IRQHandler
                0x08000264                USART2_IRQHandler
                0x08000264                DMA1_Channel2_IRQHandler
                0x08000264                CAN1_SCE_IRQHandler
                0x08000264                FLASH_IRQHandler
                0x08000264                BusFault_Handler
                0x08000264                USART1_IRQHandler
                0x08000264                SPI3_IRQHandler
                0x08000264                I2C1_ER_IRQHandler
                0x08000264                SWPMI1_IRQHandler
                0x08000264                LPTIM1_IRQHandler
                0x08000264                SAI1_IRQHandler
                0x08000264                DMA2_Channel3_IRQHandler
                0x08000264                TIM1_BRK_TIM15_IRQHandler
 .text.SystemInit
                0x08000266        0x2 .pio/build/nucleo_l432kc/libFrameworkCMSISDevice.a(system_stm32l4xx.o)
                0x08000266                SystemInit
 *(.glue_7)
 .glue_7        0x08000268        0x0 linker stubs
 *(.glue_7t)
 .glue_7t       0x08000268        0x0 linker stubs
 *(.eh_frame)
 .eh_frame      0x08000268        0x0 c:/users/rbj22/.platformio/packages/toolchain-gccarmnoneeabi@1.70201.0/bin/../lib/gcc/arm-none-eabi/7.2.1/thumb/v7e-m/crtbegin.o
 *(.init)
 .init          0x08000268        0x4 c:/users/rbj22/.platformio/packages/toolchain-gccarmnoneeabi@1.70201.0/bin/../lib/gcc/arm-none-eabi/7.2.1/thumb/v7e-m/crti.o
                0x08000268                _init
 .init          0x0800026c        0x8 c:/users/rbj22/.platformio/packages/toolchain-gccarmnoneeabi@1.70201.0/bin/../lib/gcc/arm-none-eabi/7.2.1/thumb/v7e-m/crtn.o
 *(.fini)
 .fini          0x08000274        0x4 c:/users/rbj22/.platformio/packages/toolchain-gccarmnoneeabi@1.70201.0/bin/../lib/gcc/arm-none-eabi/7.2.1/thumb/v7e-m/crti.o
                0x08000274                _fini
 .fini          0x08000278        0x8 c:/users/rbj22/.platformio/packages/toolchain-gccarmnoneeabi@1.70201.0/bin/../lib/gcc/arm-none-eabi/7.2.1/thumb/v7e-m/crtn.o
                0x08000280                . = ALIGN (0x4)
                0x08000280                _etext = .

.vfp11_veneer   0x08000280        0x0
 .vfp11_veneer  0x08000280        0x0 linker stubs

.v4_bx          0x08000280        0x0
 .v4_bx         0x08000280        0x0 linker stubs

.iplt           0x08000280        0x0
 .iplt          0x08000280        0x0 c:/users/rbj22/.platformio/packages/toolchain-gccarmnoneeabi@1.70201.0/bin/../lib/gcc/arm-none-eabi/7.2.1/thumb/v7e-m/crtbegin.o

.rel.dyn        0x08000280        0x0
 .rel.iplt      0x08000280        0x0 c:/users/rbj22/.platformio/packages/toolchain-gccarmnoneeabi@1.70201.0/bin/../lib/gcc/arm-none-eabi/7.2.1/thumb/v7e-m/crtbegin.o

.rodata         0x08000280        0x0
                0x08000280                . = ALIGN (0x4)
 *(.rodata)
 *(.rodata*)
                0x08000280                . = ALIGN (0x4)

.ARM.extab      0x08000280        0x0
                0x08000280                . = ALIGN (0x4)
 *(.ARM.extab* .gnu.linkonce.armextab.*)
                0x08000280                . = ALIGN (0x4)

.ARM            0x08000280        0x0
                0x08000280                . = ALIGN (0x4)
                0x08000280                __exidx_start = .
 *(.ARM.exidx*)
                0x08000280                __exidx_end = .
                0x08000280                . = ALIGN (0x4)

.preinit_array  0x08000280        0x0
                0x08000280                . = ALIGN (0x4)
                0x08000280                PROVIDE (__preinit_array_start, .)
 *(.preinit_array*)
                0x08000280                PROVIDE (__preinit_array_end, .)
                0x08000280                . = ALIGN (0x4)

.init_array     0x08000280        0x4
                0x08000280                . = ALIGN (0x4)
                0x08000280                PROVIDE (__init_array_start, .)
 *(SORT_BY_NAME(.init_array.*))
 *(.init_array*)
 .init_array    0x08000280        0x4 c:/users/rbj22/.platformio/packages/toolchain-gccarmnoneeabi@1.70201.0/bin/../lib/gcc/arm-none-eabi/7.2.1/thumb/v7e-m/crtbegin.o
                0x08000284                PROVIDE (__init_array_end, .)
                0x08000284                . = ALIGN (0x4)

.fini_array     0x08000284        0x4
                0x08000284                . = ALIGN (0x4)
                [!provide]                PROVIDE (__fini_array_start, .)
 *(SORT_BY_NAME(.fini_array.*))
 *(.fini_array*)
 .fini_array    0x08000284        0x4 c:/users/rbj22/.platformio/packages/toolchain-gccarmnoneeabi@1.70201.0/bin/../lib/gcc/arm-none-eabi/7.2.1/thumb/v7e-m/crtbegin.o
                [!provide]                PROVIDE (__fini_array_end, .)
                0x08000288                . = ALIGN (0x4)
                0x08000288                _sidata = LOADADDR (.data)

.data           0x20000000        0x0 load address 0x08000288
                0x20000000                . = ALIGN (0x4)
                0x20000000                _sdata = .
 *(.data)
 *(.data*)
 *(.RamFunc)
 *(.RamFunc*)
                0x20000000                . = ALIGN (0x4)
                0x20000000                _edata = .

.igot.plt       0x20000000        0x0 load address 0x08000288
 .igot.plt      0x20000000        0x0 c:/users/rbj22/.platformio/packages/toolchain-gccarmnoneeabi@1.70201.0/bin/../lib/gcc/arm-none-eabi/7.2.1/thumb/v7e-m/crtbegin.o
                0x20000000                . = ALIGN (0x4)

.bss            0x20000000       0x1c load address 0x08000288
                0x20000000                _sbss = .
                0x20000000                __bss_start__ = _sbss
 *(.bss)
 .bss           0x20000000       0x1c c:/users/rbj22/.platformio/packages/toolchain-gccarmnoneeabi@1.70201.0/bin/../lib/gcc/arm-none-eabi/7.2.1/thumb/v7e-m/crtbegin.o
 *(.bss*)
 *(COMMON)
                0x2000001c                . = ALIGN (0x4)
                0x2000001c                _ebss = .
                0x2000001c                __bss_end__ = _ebss

._user_heap_stack
                0x2000001c      0x604 load address 0x08000288
                0x20000020                . = ALIGN (0x8)
 *fill*         0x2000001c        0x4 
                [!provide]                PROVIDE (end, .)
                [!provide]                PROVIDE (_end, .)
                0x20000220                . = (. + _Min_Heap_Size)
 *fill*         0x20000020      0x200 
                0x20000620                . = (. + _Min_Stack_Size)
 *fill*         0x20000220      0x400 
                0x20000620                . = ALIGN (0x8)

/DISCARD/
 libc.a(*)
 libm.a(*)
 libgcc.a(*)

.ARM.attributes
                0x00000000       0x2a
 *(.ARM.attributes)
 .ARM.attributes
                0x00000000       0x1e c:/users/rbj22/.platformio/packages/toolchain-gccarmnoneeabi@1.70201.0/bin/../lib/gcc/arm-none-eabi/7.2.1/thumb/v7e-m/crti.o
 .ARM.attributes
                0x0000001e       0x2e c:/users/rbj22/.platformio/packages/toolchain-gccarmnoneeabi@1.70201.0/bin/../lib/gcc/arm-none-eabi/7.2.1/thumb/v7e-m/crtbegin.o
 .ARM.attributes
                0x0000004c       0x2e c:/users/rbj22/.platformio/packages/toolchain-gccarmnoneeabi@1.70201.0/bin/../lib/gcc/arm-none-eabi/7.2.1/../../../../arm-none-eabi/lib/thumb/v7e-m\libc_nano.a(lib_a-init.o)
 .ARM.attributes
                0x0000007a       0x21 .pio/build/nucleo_l432kc/libFrameworkCMSISDevice.a(startup_stm32l432xx.o)
 .ARM.attributes
                0x0000009b       0x33 .pio/build/nucleo_l432kc/libFrameworkCMSISDevice.a(system_stm32l4xx.o)
 .ARM.attributes
                0x000000ce       0x1e c:/users/rbj22/.platformio/packages/toolchain-gccarmnoneeabi@1.70201.0/bin/../lib/gcc/arm-none-eabi/7.2.1/thumb/v7e-m/crtn.o
OUTPUT(.pio/build/nucleo_l432kc/firmware.elf elf32-littlearm)

.debug_frame    0x00000000       0x2c
 .debug_frame   0x00000000       0x2c c:/users/rbj22/.platformio/packages/toolchain-gccarmnoneeabi@1.70201.0/bin/../lib/gcc/arm-none-eabi/7.2.1/../../../../arm-none-eabi/lib/thumb/v7e-m\libc_nano.a(lib_a-init.o)

.comment        0x00000000       0x7e
 .comment       0x00000000       0x7e .pio/build/nucleo_l432kc/libFrameworkCMSISDevice.a(system_stm32l4xx.o)
                                 0x7f (size before relaxing)
